2026-08-03 05:20:02,045 2556546 INFO ? odoo: Odoo version 19.0 
2026-08-03 05:20:02,046 2556546 INFO ? odoo: Using configuration file at /home/sabry/odoo_base/base_odoo_19/config/projects/pet_spot_elsahel_test.conf 
2026-08-03 05:20:02,046 2556546 INFO ? odoo: addons paths: _NamespacePath(['/home/sabry/odoo_base/base_odoo_19/odoo19/odoo19/odoo/addons', '/home/sabry/odoo_base/base_odoo_19/projects/pet_spot_elsahel/.filestore/addons/19.0', '/home/sabry/odoo_base/base_odoo_19/odoo19/odoo19/addons', '/home/sabry/odoo_base/base_odoo_19/odoo19/odoo19/enterprise', '/home/sabry/odoo_base/base_odoo_19/projects/pet_spot_elsahel']) 
2026-08-03 05:20:02,046 2556546 INFO ? odoo: database: odoo@localhost:5432 
2026-08-03 05:20:02,471 2556546 INFO ? odoo.service.server: Initiating shutdown 
2026-08-03 05:20:02,471 2556546 INFO ? odoo.service.server: Hit CTRL-C again or send a second signal to force the shutdown. 
2026-08-03 05:20:02,537 2556546 INFO pet_spot_elsahel_test odoo.modules.loading: loading 1 modules... 
2026-08-03 05:20:02,544 2556546 INFO pet_spot_elsahel_test odoo.modules.loading: 1 modules loaded in 0.01s, 0 queries (+0 extra) 
2026-08-03 05:20:02,637 2556546 WARNING pet_spot_elsahel_test odoo.modules.module: Missing `author` key in manifest for 'petspot_sale_readiness', defaulting to '' 
2026-08-03 05:20:02,696 2556546 INFO pet_spot_elsahel_test odoo.modules.loading: loading 373 modules... 
2026-08-03 05:20:02,707 2556546 WARNING pet_spot_elsahel_test odoo.addons.attachment_indexation.models.ir_attachment: Attachment indexation of PDF documents is unavailable because the 'pdfminer.six' Python library cannot be found on the system. You may install it from https://pypi.org/project/pdfminer.six/ (e.g. `pip3 install pdfminer.six`) 
2026-08-03 05:20:03,119 2556546 WARNING pet_spot_elsahel_test odoo.registry: Model attribute '_sql_constraints' is no longer supported, please define model.Constraint on the model. 
2026-08-03 05:20:03,202 2556546 WARNING pet_spot_elsahel_test odoo.registry: Model attribute '_sql_constraints' is no longer supported, please define model.Constraint on the model. 
2026-08-03 05:20:03,232 2556546 WARNING pet_spot_elsahel_test odoo.registry: Model attribute '_sql_constraints' is no longer supported, please define model.Constraint on the model. 
2026-08-03 05:20:03,652 2556546 WARNING pet_spot_elsahel_test py.warnings: /home/sabry/odoo_base/base_odoo_19/projects/pet_spot_elsahel/paymob/controllers/main.py:17: DeprecationWarning: Since 19.0, @route(type='json') is a deprecated alias to @route(type='jsonrpc')
  File "/home/sabry/odoo_base/base_odoo_19/odoo19/odoo19/odoo-bin", line 6, in <module>
    odoo.cli.main()
  File "/home/sabry/odoo_base/base_odoo_19/odoo19/odoo19/odoo/cli/command.py", line 133, in main
    command().run(args)
  File "/home/sabry/odoo_base/base_odoo_19/odoo19/odoo19/odoo/cli/shell.py", line 162, in run
    self.shell(dbnames[0])
  File "/home/sabry/odoo_base/base_odoo_19/odoo19/odoo19/odoo/cli/shell.py", line 137, in shell
    registry = Registry(dbname)
  File "/home/sabry/odoo_base/base_odoo_19/odoo19/odoo19/odoo/orm/registry.py", line 120, in __new__
    return cls.new(db_name)
  File "/home/sabry/odoo_base/base_odoo_19/odoo19/odoo19/odoo/tools/func.py", line 88, in locked
    return func(inst, *args, **kwargs)
  File "/home/sabry/odoo_base/base_odoo_19/odoo19/odoo19/odoo/orm/registry.py", line 199, in new
    load_modules(
  File "/home/sabry/odoo_base/base_odoo_19/odoo19/odoo19/odoo/modules/loading.py", line 456, in load_modules
    load_module_graph(
  File "/home/sabry/odoo_base/base_odoo_19/odoo19/odoo19/odoo/modules/loading.py", line 170, in load_module_graph
    load_openerp_module(package.name)
  File "/home/sabry/odoo_base/base_odoo_19/odoo19/odoo19/odoo/modules/module.py", line 505, in load_openerp_module
    __import__(qualname)
  File "/home/sabry/odoo_base/base_odoo_19/projects/pet_spot_elsahel/paymob/__init__.py", line 2, in <module>
    from . import controllers
  File "/home/sabry/odoo_base/base_odoo_19/projects/pet_spot_elsahel/paymob/controllers/__init__.py", line 1, in <module>
    from . import main
  File "/home/sabry/odoo_base/base_odoo_19/projects/pet_spot_elsahel/paymob/controllers/main.py", line 17, in <module>
    class PaymobController(http.Controller):
 
2026-08-03 05:20:03,945 2556546 WARNING pet_spot_elsahel_test odoo.registry: Model attribute '_sql_constraints' is no longer supported, please define model.Constraint on the model. 
2026-08-03 05:20:04,314 2556546 WARNING pet_spot_elsahel_test odoo.registry: Model attribute '_sql_constraints' is no longer supported, please define model.Constraint on the model. 
2026-08-03 05:20:04,315 2556546 WARNING pet_spot_elsahel_test odoo.registry: Model attribute '_sql_constraints' is no longer supported, please define model.Constraint on the model. 
2026-08-03 05:20:04,622 2556546 WARNING pet_spot_elsahel_test py.warnings: /home/sabry/odoo_base/base_odoo_19/odoo19/odoo19/odoo/osv/__init__.py:4: DeprecationWarning: Since 19.0, odoo.osv is deprecated use odoo.fields.Domain
  File "/home/sabry/odoo_base/base_odoo_19/odoo19/odoo19/odoo-bin", line 6, in <module>
    odoo.cli.main()
  File "/home/sabry/odoo_base/base_odoo_19/odoo19/odoo19/odoo/cli/command.py", line 133, in main
    command().run(args)
  File "/home/sabry/odoo_base/base_odoo_19/odoo19/odoo19/odoo/cli/shell.py", line 162, in run
    self.shell(dbnames[0])
  File "/home/sabry/odoo_base/base_odoo_19/odoo19/odoo19/odoo/cli/shell.py", line 137, in shell
    registry = Registry(dbname)
  File "/home/sabry/odoo_base/base_odoo_19/odoo19/odoo19/odoo/orm/registry.py", line 120, in __new__
    return cls.new(db_name)
  File "/home/sabry/odoo_base/base_odoo_19/odoo19/odoo19/odoo/tools/func.py", line 88, in locked
    return func(inst, *args, **kwargs)
  File "/home/sabry/odoo_base/base_odoo_19/odoo19/odoo19/odoo/orm/registry.py", line 199, in new
    load_modules(
  File "/home/sabry/odoo_base/base_odoo_19/odoo19/odoo19/odoo/modules/loading.py", line 456, in load_modules
    load_module_graph(
  File "/home/sabry/odoo_base/base_odoo_19/odoo19/odoo19/odoo/modules/loading.py", line 170, in load_module_graph
    load_openerp_module(package.name)
  File "/home/sabry/odoo_base/base_odoo_19/odoo19/odoo19/odoo/modules/module.py", line 505, in load_openerp_module
    __import__(qualname)
  File "/home/sabry/odoo_base/base_odoo_19/projects/pet_spot_elsahel/devhub_whatsapp/__init__.py", line 2, in <module>
    from . import wizards
  File "/home/sabry/odoo_base/base_odoo_19/projects/pet_spot_elsahel/devhub_whatsapp/wizards/__init__.py", line 2, in <module>
    from . import dev_whatsapp_hub_backfill
  File "/home/sabry/odoo_base/base_odoo_19/projects/pet_spot_elsahel/devhub_whatsapp/wizards/dev_whatsapp_hub_backfill.py", line 7, in <module>
    from odoo.osv import expression
  File "/home/sabry/odoo_base/base_odoo_19/odoo19/odoo19/odoo/osv/__init__.py", line 4, in <module>
    warnings.warn("Since 19.0, odoo.osv is deprecated use odoo.fields.Domain", DeprecationWarning)
 
2026-08-03 05:20:04,674 2556546 WARNING pet_spot_elsahel_test odoo.registry: Model attribute '_sql_constraints' is no longer supported, please define model.Constraint on the model. 
2026-08-03 05:20:04,675 2556546 WARNING pet_spot_elsahel_test odoo.registry: Model attribute '_sql_constraints' is no longer supported, please define model.Constraint on the model. 
2026-08-03 05:20:04,675 2556546 WARNING pet_spot_elsahel_test odoo.registry: Model attribute '_sql_constraints' is no longer supported, please define model.Constraint on the model. 
2026-08-03 05:20:04,675 2556546 WARNING pet_spot_elsahel_test odoo.registry: Model attribute '_sql_constraints' is no longer supported, please define model.Constraint on the model. 
2026-08-03 05:20:04,675 2556546 WARNING pet_spot_elsahel_test odoo.registry: Model attribute '_sql_constraints' is no longer supported, please define model.Constraint on the model. 
2026-08-03 05:20:04,675 2556546 WARNING pet_spot_elsahel_test odoo.registry: Model attribute '_sql_constraints' is no longer supported, please define model.Constraint on the model. 
2026-08-03 05:20:04,677 2556546 WARNING pet_spot_elsahel_test odoo.registry: Model attribute '_sql_constraints' is no longer supported, please define model.Constraint on the model. 
2026-08-03 05:20:04,677 2556546 WARNING pet_spot_elsahel_test odoo.registry: Model attribute '_sql_constraints' is no longer supported, please define model.Constraint on the model. 
2026-08-03 05:20:04,677 2556546 WARNING pet_spot_elsahel_test odoo.registry: Model attribute '_sql_constraints' is no longer supported, please define model.Constraint on the model. 
2026-08-03 05:20:04,678 2556546 WARNING pet_spot_elsahel_test odoo.registry: Model attribute '_sql_constraints' is no longer supported, please define model.Constraint on the model. 
2026-08-03 05:20:04,678 2556546 WARNING pet_spot_elsahel_test odoo.registry: Model attribute '_sql_constraints' is no longer supported, please define model.Constraint on the model. 
2026-08-03 05:20:04,689 2556546 WARNING pet_spot_elsahel_test odoo.registry: Model attribute '_sql_constraints' is no longer supported, please define model.Constraint on the model. 
2026-08-03 05:20:04,689 2556546 WARNING pet_spot_elsahel_test odoo.registry: Model attribute '_sql_constraints' is no longer supported, please define model.Constraint on the model. 
2026-08-03 05:20:04,690 2556546 WARNING pet_spot_elsahel_test odoo.registry: Model attribute '_sql_constraints' is no longer supported, please define model.Constraint on the model. 
2026-08-03 05:20:04,800 2556546 WARNING pet_spot_elsahel_test odoo.registry: Model attribute '_sql_constraints' is no longer supported, please define model.Constraint on the model. 
2026-08-03 05:20:04,800 2556546 WARNING pet_spot_elsahel_test odoo.registry: Model attribute '_sql_constraints' is no longer supported, please define model.Constraint on the model. 
2026-08-03 05:20:04,801 2556546 WARNING pet_spot_elsahel_test odoo.registry: Model attribute '_sql_constraints' is no longer supported, please define model.Constraint on the model. 
2026-08-03 05:20:04,801 2556546 WARNING pet_spot_elsahel_test odoo.registry: Model attribute '_sql_constraints' is no longer supported, please define model.Constraint on the model. 
2026-08-03 05:20:04,801 2556546 WARNING pet_spot_elsahel_test odoo.registry: Model attribute '_sql_constraints' is no longer supported, please define model.Constraint on the model. 
2026-08-03 05:20:04,801 2556546 WARNING pet_spot_elsahel_test odoo.registry: Model attribute '_sql_constraints' is no longer supported, please define model.Constraint on the model. 
2026-08-03 05:20:04,802 2556546 WARNING pet_spot_elsahel_test odoo.registry: Model attribute '_sql_constraints' is no longer supported, please define model.Constraint on the model. 
2026-08-03 05:20:04,802 2556546 WARNING pet_spot_elsahel_test odoo.registry: Model attribute '_sql_constraints' is no longer supported, please define model.Constraint on the model. 
2026-08-03 05:20:04,804 2556546 WARNING pet_spot_elsahel_test odoo.registry: Model attribute '_sql_constraints' is no longer supported, please define model.Constraint on the model. 
2026-08-03 05:20:04,805 2556546 WARNING pet_spot_elsahel_test odoo.registry: Model attribute '_sql_constraints' is no longer supported, please define model.Constraint on the model. 
2026-08-03 05:20:04,810 2556546 WARNING pet_spot_elsahel_test odoo.registry: Model attribute '_sql_constraints' is no longer supported, please define model.Constraint on the model. 
2026-08-03 05:20:04,810 2556546 WARNING pet_spot_elsahel_test odoo.registry: Model attribute '_sql_constraints' is no longer supported, please define model.Constraint on the model. 
2026-08-03 05:20:04,920 2556546 WARNING pet_spot_elsahel_test odoo.registry: Model attribute '_sql_constraints' is no longer supported, please define model.Constraint on the model. 
2026-08-03 05:20:04,920 2556546 WARNING pet_spot_elsahel_test odoo.registry: Model attribute '_sql_constraints' is no longer supported, please define model.Constraint on the model. 
2026-08-03 05:20:04,921 2556546 WARNING pet_spot_elsahel_test odoo.registry: Model attribute '_sql_constraints' is no longer supported, please define model.Constraint on the model. 
2026-08-03 05:20:04,921 2556546 WARNING pet_spot_elsahel_test odoo.registry: Model attribute '_sql_constraints' is no longer supported, please define model.Constraint on the model. 
2026-08-03 05:20:04,924 2556546 WARNING pet_spot_elsahel_test odoo.registry: Model attribute '_sql_constraints' is no longer supported, please define model.Constraint on the model. 
2026-08-03 05:20:04,951 2556546 WARNING pet_spot_elsahel_test odoo.registry: Model attribute '_sql_constraints' is no longer supported, please define model.Constraint on the model. 
2026-08-03 05:20:04,981 2556546 WARNING pet_spot_elsahel_test odoo.registry: Model attribute '_sql_constraints' is no longer supported, please define model.Constraint on the model. 
2026-08-03 05:20:04,981 2556546 WARNING pet_spot_elsahel_test odoo.registry: Model attribute '_sql_constraints' is no longer supported, please define model.Constraint on the model. 
2026-08-03 05:20:04,981 2556546 WARNING pet_spot_elsahel_test odoo.registry: Model attribute '_sql_constraints' is no longer supported, please define model.Constraint on the model. 
2026-08-03 05:20:04,982 2556546 WARNING pet_spot_elsahel_test odoo.registry: Model attribute '_sql_constraints' is no longer supported, please define model.Constraint on the model. 
2026-08-03 05:20:04,982 2556546 WARNING pet_spot_elsahel_test odoo.registry: Model attribute '_sql_constraints' is no longer supported, please define model.Constraint on the model. 
2026-08-03 05:20:04,982 2556546 WARNING pet_spot_elsahel_test odoo.registry: Model attribute '_sql_constraints' is no longer supported, please define model.Constraint on the model. 
2026-08-03 05:20:04,982 2556546 WARNING pet_spot_elsahel_test odoo.registry: Model attribute '_sql_constraints' is no longer supported, please define model.Constraint on the model. 
2026-08-03 05:20:04,982 2556546 WARNING pet_spot_elsahel_test odoo.registry: Model attribute '_sql_constraints' is no longer supported, please define model.Constraint on the model. 
2026-08-03 05:20:04,982 2556546 WARNING pet_spot_elsahel_test odoo.registry: Model attribute '_sql_constraints' is no longer supported, please define model.Constraint on the model. 
2026-08-03 05:20:04,983 2556546 WARNING pet_spot_elsahel_test odoo.registry: Model attribute '_sql_constraints' is no longer supported, please define model.Constraint on the model. 
2026-08-03 05:20:04,983 2556546 WARNING pet_spot_elsahel_test odoo.registry: Model attribute '_sql_constraints' is no longer supported, please define model.Constraint on the model. 
2026-08-03 05:20:04,983 2556546 WARNING pet_spot_elsahel_test odoo.registry: Model attribute '_sql_constraints' is no longer supported, please define model.Constraint on the model. 
2026-08-03 05:20:04,983 2556546 WARNING pet_spot_elsahel_test odoo.registry: Model attribute '_sql_constraints' is no longer supported, please define model.Constraint on the model. 
2026-08-03 05:20:05,011 2556546 WARNING pet_spot_elsahel_test odoo.registry: Model attribute '_sql_constraints' is no longer supported, please define model.Constraint on the model. 
2026-08-03 05:20:05,011 2556546 WARNING pet_spot_elsahel_test odoo.registry: Model attribute '_sql_constraints' is no longer supported, please define model.Constraint on the model. 
2026-08-03 05:20:05,011 2556546 INFO pet_spot_elsahel_test odoo.modules.loading: 373 modules loaded in 2.32s, 0 queries (+0 extra) 
2026-08-03 05:20:05,391 2556546 WARNING pet_spot_elsahel_test odoo.fields: res.config.settings.shopify_import_order_status: selection attribute will be ignored as the field is related 
2026-08-03 05:20:05,392 2556546 WARNING pet_spot_elsahel_test odoo.fields: res.config.settings.shopify_tax_behavior: selection attribute will be ignored as the field is related 
2026-08-03 05:20:05,392 2556546 WARNING pet_spot_elsahel_test odoo.fields: res.config.settings.shopify_stock_type: selection attribute will be ignored as the field is related 
2026-08-03 05:20:05,392 2556546 WARNING pet_spot_elsahel_test odoo.fields: res.config.settings.export_stock_interval_type: selection attribute will be ignored as the field is related 
2026-08-03 05:20:05,584 2556546 WARNING pet_spot_elsahel_test odoo.fields: stock.picking.shipblu_normalized_status: selection attribute will be ignored as the field is related 
2026-08-03 05:20:05,815 2556546 WARNING pet_spot_elsahel_test odoo.fields: Field social.media.post.state: unknown parameter 'tracking', if this is an actual parameter you may want to override the method _valid_field_parameter on the relevant model in order to allow it 
2026-08-03 05:20:05,935 2556546 WARNING pet_spot_elsahel_test odoo.fields: Translated stored related field (shopify.public.category.map.public_categ_name) will not be computed correctly in all languages 
2026-08-03 05:20:06,174 2556546 INFO pet_spot_elsahel_test odoo.modules.loading: Modules loaded. 
2026-08-03 05:20:06,245 2556546 WARNING pet_spot_elsahel_test odoo.schema: Missing not-null constraint on ai.embedding.attachment_id 
2026-08-03 05:20:06,245 2556546 WARNING pet_spot_elsahel_test odoo.schema: Missing not-null constraint on ai.embedding.content 
2026-08-03 05:20:06,245 2556546 WARNING pet_spot_elsahel_test odoo.schema: Missing not-null constraint on ai.embedding.embedding_model 
2026-08-03 05:20:06,427 2556546 INFO pet_spot_elsahel_test odoo.registry: Registry loaded in 3.927s 
2026-08-03 05:20:06,531 2556546 WARNING pet_spot_elsahel_test py.warnings: /home/sabry/odoo_base/base_odoo_19/odoo19/odoo19/odoo/orm/fields.py:845: UserWarning: Field 'stock.picking.shipblu_shipment_id' in dependency of stock.picking.shipblu_raw_status should be searchable. This is necessary to determine which records to recompute when shipblu.shipment.raw_status is modified. You should either make the field searchable, or simplify the field dependency.
  File "/home/sabry/odoo_base/base_odoo_19/odoo19/odoo19/odoo-bin", line 6, in <module>
    odoo.cli.main()
  File "/home/sabry/odoo_base/base_odoo_19/odoo19/odoo19/odoo/cli/command.py", line 133, in main
    command().run(args)
  File "/home/sabry/odoo_base/base_odoo_19/odoo19/odoo19/odoo/cli/shell.py", line 162, in run
    self.shell(dbnames[0])
  File "/home/sabry/odoo_base/base_odoo_19/odoo19/odoo19/odoo/cli/shell.py", line 148, in shell
    self.console(local_vars)
  File "/home/sabry/odoo_base/base_odoo_19/odoo19/odoo19/odoo/cli/shell.py", line 82, in console
    exec(sys.stdin.read(), local_vars)
  File "<string>", line 24, in <module>
  File "/home/sabry/odoo_base/base_odoo_19/odoo19/odoo19/addons/mail/models/mail_thread.py", line 390, in write
    result = super().write(vals)
  File "/home/sabry/odoo_base/base_odoo_19/odoo19/odoo19/enterprise/ai_fields/models/models.py", line 57, in write
    res = super().write(vals)
  File "/home/sabry/odoo_base/base_odoo_19/odoo19/odoo19/odoo/orm/models.py", line 4414, in write
    if self.pool.is_modifying_relations(field):
  File "/home/sabry/odoo_base/base_odoo_19/odoo19/odoo19/odoo/orm/registry.py", line 679, in is_modifying_relations
    result = field in self._field_triggers and bool(
  File "/usr/lib/python3.12/functools.py", line 998, in __get__
    val = self.func(instance)
  File "/home/sabry/odoo_base/base_odoo_19/odoo19/odoo19/odoo/orm/registry.py", line 660, in _field_triggers
    dependencies = list(field.resolve_depends(self))
  File "/home/sabry/odoo_base/base_odoo_19/odoo19/odoo19/odoo/orm/fields.py", line 845, in resolve_depends
    warnings.warn(
 
2026-08-03 05:20:06,531 2556546 WARNING pet_spot_elsahel_test py.warnings: /home/sabry/odoo_base/base_odoo_19/odoo19/odoo19/odoo/orm/fields.py:845: UserWarning: Field 'stock.picking.shipblu_shipment_id' in dependency of stock.picking.shipblu_normalized_status should be searchable. This is necessary to determine which records to recompute when shipblu.shipment.normalized_status is modified. You should either make the field searchable, or simplify the field dependency.
  File "/home/sabry/odoo_base/base_odoo_19/odoo19/odoo19/odoo-bin", line 6, in <module>
    odoo.cli.main()
  File "/home/sabry/odoo_base/base_odoo_19/odoo19/odoo19/odoo/cli/command.py", line 133, in main
    command().run(args)
  File "/home/sabry/odoo_base/base_odoo_19/odoo19/odoo19/odoo/cli/shell.py", line 162, in run
    self.shell(dbnames[0])
  File "/home/sabry/odoo_base/base_odoo_19/odoo19/odoo19/odoo/cli/shell.py", line 148, in shell
    self.console(local_vars)
  File "/home/sabry/odoo_base/base_odoo_19/odoo19/odoo19/odoo/cli/shell.py", line 82, in console
    exec(sys.stdin.read(), local_vars)
  File "<string>", line 24, in <module>
  File "/home/sabry/odoo_base/base_odoo_19/odoo19/odoo19/addons/mail/models/mail_thread.py", line 390, in write
    result = super().write(vals)
  File "/home/sabry/odoo_base/base_odoo_19/odoo19/odoo19/enterprise/ai_fields/models/models.py", line 57, in write
    res = super().write(vals)
  File "/home/sabry/odoo_base/base_odoo_19/odoo19/odoo19/odoo/orm/models.py", line 4414, in write
    if self.pool.is_modifying_relations(field):
  File "/home/sabry/odoo_base/base_odoo_19/odoo19/odoo19/odoo/orm/registry.py", line 679, in is_modifying_relations
    result = field in self._field_triggers and bool(
  File "/usr/lib/python3.12/functools.py", line 998, in __get__
    val = self.func(instance)
  File "/home/sabry/odoo_base/base_odoo_19/odoo19/odoo19/odoo/orm/registry.py", line 660, in _field_triggers
    dependencies = list(field.resolve_depends(self))
  File "/home/sabry/odoo_base/base_odoo_19/odoo19/odoo19/odoo/orm/fields.py", line 845, in resolve_depends
    warnings.warn(
 
2026-08-03 05:20:06,532 2556546 WARNING pet_spot_elsahel_test py.warnings: /home/sabry/odoo_base/base_odoo_19/odoo19/odoo19/odoo/orm/fields.py:845: UserWarning: Field 'stock.picking.shipblu_shipment_id' in dependency of stock.picking.shipblu_business_reference should be searchable. This is necessary to determine which records to recompute when shipblu.shipment.business_reference is modified. You should either make the field searchable, or simplify the field dependency.
  File "/home/sabry/odoo_base/base_odoo_19/odoo19/odoo19/odoo-bin", line 6, in <module>
    odoo.cli.main()
  File "/home/sabry/odoo_base/base_odoo_19/odoo19/odoo19/odoo/cli/command.py", line 133, in main
    command().run(args)
  File "/home/sabry/odoo_base/base_odoo_19/odoo19/odoo19/odoo/cli/shell.py", line 162, in run
    self.shell(dbnames[0])
  File "/home/sabry/odoo_base/base_odoo_19/odoo19/odoo19/odoo/cli/shell.py", line 148, in shell
    self.console(local_vars)
  File "/home/sabry/odoo_base/base_odoo_19/odoo19/odoo19/odoo/cli/shell.py", line 82, in console
    exec(sys.stdin.read(), local_vars)
  File "<string>", line 24, in <module>
  File "/home/sabry/odoo_base/base_odoo_19/odoo19/odoo19/addons/mail/models/mail_thread.py", line 390, in write
    result = super().write(vals)
  File "/home/sabry/odoo_base/base_odoo_19/odoo19/odoo19/enterprise/ai_fields/models/models.py", line 57, in write
    res = super().write(vals)
  File "/home/sabry/odoo_base/base_odoo_19/odoo19/odoo19/odoo/orm/models.py", line 4414, in write
    if self.pool.is_modifying_relations(field):
  File "/home/sabry/odoo_base/base_odoo_19/odoo19/odoo19/odoo/orm/registry.py", line 679, in is_modifying_relations
    result = field in self._field_triggers and bool(
  File "/usr/lib/python3.12/functools.py", line 998, in __get__
    val = self.func(instance)
  File "/home/sabry/odoo_base/base_odoo_19/odoo19/odoo19/odoo/orm/registry.py", line 660, in _field_triggers
    dependencies = list(field.resolve_depends(self))
  File "/home/sabry/odoo_base/base_odoo_19/odoo19/odoo19/odoo/orm/fields.py", line 845, in resolve_depends
    warnings.warn(
 
2026-08-03 05:20:06,532 2556546 WARNING pet_spot_elsahel_test py.warnings: /home/sabry/odoo_base/base_odoo_19/odoo19/odoo19/odoo/orm/fields.py:845: UserWarning: Field 'stock.picking.shipblu_shipment_id' in dependency of stock.picking.shipblu_tracking_url should be searchable. This is necessary to determine which records to recompute when shipblu.shipment.tracking_url is modified. You should either make the field searchable, or simplify the field dependency.
  File "/home/sabry/odoo_base/base_odoo_19/odoo19/odoo19/odoo-bin", line 6, in <module>
    odoo.cli.main()
  File "/home/sabry/odoo_base/base_odoo_19/odoo19/odoo19/odoo/cli/command.py", line 133, in main
    command().run(args)
  File "/home/sabry/odoo_base/base_odoo_19/odoo19/odoo19/odoo/cli/shell.py", line 162, in run
    self.shell(dbnames[0])
  File "/home/sabry/odoo_base/base_odoo_19/odoo19/odoo19/odoo/cli/shell.py", line 148, in shell
    self.console(local_vars)
  File "/home/sabry/odoo_base/base_odoo_19/odoo19/odoo19/odoo/cli/shell.py", line 82, in console
    exec(sys.stdin.read(), local_vars)
  File "<string>", line 24, in <module>
  File "/home/sabry/odoo_base/base_odoo_19/odoo19/odoo19/addons/mail/models/mail_thread.py", line 390, in write
    result = super().write(vals)
  File "/home/sabry/odoo_base/base_odoo_19/odoo19/odoo19/enterprise/ai_fields/models/models.py", line 57, in write
    res = super().write(vals)
  File "/home/sabry/odoo_base/base_odoo_19/odoo19/odoo19/odoo/orm/models.py", line 4414, in write
    if self.pool.is_modifying_relations(field):
  File "/home/sabry/odoo_base/base_odoo_19/odoo19/odoo19/odoo/orm/registry.py", line 679, in is_modifying_relations
    result = field in self._field_triggers and bool(
  File "/usr/lib/python3.12/functools.py", line 998, in __get__
    val = self.func(instance)
  File "/home/sabry/odoo_base/base_odoo_19/odoo19/odoo19/odoo/orm/registry.py", line 660, in _field_triggers
    dependencies = list(field.resolve_depends(self))
  File "/home/sabry/odoo_base/base_odoo_19/odoo19/odoo19/odoo/orm/fields.py", line 845, in resolve_depends
    warnings.warn(
 
2026-08-03 05:20:06,548 2556546 WARNING pet_spot_elsahel_test py.warnings: /home/sabry/odoo_base/base_odoo_19/odoo19/odoo19/odoo/orm/fields.py:845: UserWarning: Field 'sale.order.petspot_fulfillment_case_id' in dependency of sale.order.petspot_fulfillment_state should be searchable. This is necessary to determine which records to recompute when petspot.fulfillment.case.state is modified. You should either make the field searchable, or simplify the field dependency.
  File "/home/sabry/odoo_base/base_odoo_19/odoo19/odoo19/odoo-bin", line 6, in <module>
    odoo.cli.main()
  File "/home/sabry/odoo_base/base_odoo_19/odoo19/odoo19/odoo/cli/command.py", line 133, in main
    command().run(args)
  File "/home/sabry/odoo_base/base_odoo_19/odoo19/odoo19/odoo/cli/shell.py", line 162, in run
    self.shell(dbnames[0])
  File "/home/sabry/odoo_base/base_odoo_19/odoo19/odoo19/odoo/cli/shell.py", line 148, in shell
    self.console(local_vars)
  File "/home/sabry/odoo_base/base_odoo_19/odoo19/odoo19/odoo/cli/shell.py", line 82, in console
    exec(sys.stdin.read(), local_vars)
  File "<string>", line 24, in <module>
  File "/home/sabry/odoo_base/base_odoo_19/odoo19/odoo19/addons/mail/models/mail_thread.py", line 390, in write
    result = super().write(vals)
  File "/home/sabry/odoo_base/base_odoo_19/odoo19/odoo19/enterprise/ai_fields/models/models.py", line 57, in write
    res = super().write(vals)
  File "/home/sabry/odoo_base/base_odoo_19/odoo19/odoo19/odoo/orm/models.py", line 4414, in write
    if self.pool.is_modifying_relations(field):
  File "/home/sabry/odoo_base/base_odoo_19/odoo19/odoo19/odoo/orm/registry.py", line 679, in is_modifying_relations
    result = field in self._field_triggers and bool(
  File "/usr/lib/python3.12/functools.py", line 998, in __get__
    val = self.func(instance)
  File "/home/sabry/odoo_base/base_odoo_19/odoo19/odoo19/odoo/orm/registry.py", line 660, in _field_triggers
    dependencies = list(field.resolve_depends(self))
  File "/home/sabry/odoo_base/base_odoo_19/odoo19/odoo19/odoo/orm/fields.py", line 845, in resolve_depends
    warnings.warn(
 
2026-08-03 05:20:06,549 2556546 WARNING pet_spot_elsahel_test py.warnings: /home/sabry/odoo_base/base_odoo_19/odoo19/odoo19/odoo/orm/fields.py:845: UserWarning: Field 'sale.order.petspot_fulfillment_case_id' in dependency of sale.order.petspot_fulfillment_path should be searchable. This is necessary to determine which records to recompute when petspot.fulfillment.case.path is modified. You should either make the field searchable, or simplify the field dependency.
  File "/home/sabry/odoo_base/base_odoo_19/odoo19/odoo19/odoo-bin", line 6, in <module>
    odoo.cli.main()
  File "/home/sabry/odoo_base/base_odoo_19/odoo19/odoo19/odoo/cli/command.py", line 133, in main
    command().run(args)
  File "/home/sabry/odoo_base/base_odoo_19/odoo19/odoo19/odoo/cli/shell.py", line 162, in run
    self.shell(dbnames[0])
  File "/home/sabry/odoo_base/base_odoo_19/odoo19/odoo19/odoo/cli/shell.py", line 148, in shell
    self.console(local_vars)
  File "/home/sabry/odoo_base/base_odoo_19/odoo19/odoo19/odoo/cli/shell.py", line 82, in console
    exec(sys.stdin.read(), local_vars)
  File "<string>", line 24, in <module>
  File "/home/sabry/odoo_base/base_odoo_19/odoo19/odoo19/addons/mail/models/mail_thread.py", line 390, in write
    result = super().write(vals)
  File "/home/sabry/odoo_base/base_odoo_19/odoo19/odoo19/enterprise/ai_fields/models/models.py", line 57, in write
    res = super().write(vals)
  File "/home/sabry/odoo_base/base_odoo_19/odoo19/odoo19/odoo/orm/models.py", line 4414, in write
    if self.pool.is_modifying_relations(field):
  File "/home/sabry/odoo_base/base_odoo_19/odoo19/odoo19/odoo/orm/registry.py", line 679, in is_modifying_relations
    result = field in self._field_triggers and bool(
  File "/usr/lib/python3.12/functools.py", line 998, in __get__
    val = self.func(instance)
  File "/home/sabry/odoo_base/base_odoo_19/odoo19/odoo19/odoo/orm/registry.py", line 660, in _field_triggers
    dependencies = list(field.resolve_depends(self))
  File "/home/sabry/odoo_base/base_odoo_19/odoo19/odoo19/odoo/orm/fields.py", line 845, in resolve_depends
    warnings.warn(
 
2026-08-03 05:20:06,572 2556546 WARNING pet_spot_elsahel_test py.warnings: /home/sabry/odoo_base/base_odoo_19/odoo19/odoo19/odoo/orm/fields.py:845: UserWarning: Field 'x_pets.x_petget_life_stage_id' in dependency of x_pets.x_petget_life_stage_feeding should be searchable. This is necessary to determine which records to recompute when petget.dog.life.stage.feeding_guidance is modified. You should either make the field searchable, or simplify the field dependency.
  File "/home/sabry/odoo_base/base_odoo_19/odoo19/odoo19/odoo-bin", line 6, in <module>
    odoo.cli.main()
  File "/home/sabry/odoo_base/base_odoo_19/odoo19/odoo19/odoo/cli/command.py", line 133, in main
    command().run(args)
  File "/home/sabry/odoo_base/base_odoo_19/odoo19/odoo19/odoo/cli/shell.py", line 162, in run
    self.shell(dbnames[0])
  File "/home/sabry/odoo_base/base_odoo_19/odoo19/odoo19/odoo/cli/shell.py", line 148, in shell
    self.console(local_vars)
  File "/home/sabry/odoo_base/base_odoo_19/odoo19/odoo19/odoo/cli/shell.py", line 82, in console
    exec(sys.stdin.read(), local_vars)
  File "<string>", line 24, in <module>
  File "/home/sabry/odoo_base/base_odoo_19/odoo19/odoo19/addons/mail/models/mail_thread.py", line 390, in write
    result = super().write(vals)
  File "/home/sabry/odoo_base/base_odoo_19/odoo19/odoo19/enterprise/ai_fields/models/models.py", line 57, in write
    res = super().write(vals)
  File "/home/sabry/odoo_base/base_odoo_19/odoo19/odoo19/odoo/orm/models.py", line 4414, in write
    if self.pool.is_modifying_relations(field):
  File "/home/sabry/odoo_base/base_odoo_19/odoo19/odoo19/odoo/orm/registry.py", line 679, in is_modifying_relations
    result = field in self._field_triggers and bool(
  File "/usr/lib/python3.12/functools.py", line 998, in __get__
    val = self.func(instance)
  File "/home/sabry/odoo_base/base_odoo_19/odoo19/odoo19/odoo/orm/registry.py", line 660, in _field_triggers
    dependencies = list(field.resolve_depends(self))
  File "/home/sabry/odoo_base/base_odoo_19/odoo19/odoo19/odoo/orm/fields.py", line 845, in resolve_depends
    warnings.warn(
 
2026-08-03 05:20:06,572 2556546 WARNING pet_spot_elsahel_test py.warnings: /home/sabry/odoo_base/base_odoo_19/odoo19/odoo19/odoo/orm/fields.py:845: UserWarning: Field 'x_pets.x_petget_life_stage_id' in dependency of x_pets.x_petget_life_stage_care should be searchable. This is necessary to determine which records to recompute when petget.dog.life.stage.care_focus is modified. You should either make the field searchable, or simplify the field dependency.
  File "/home/sabry/odoo_base/base_odoo_19/odoo19/odoo19/odoo-bin", line 6, in <module>
    odoo.cli.main()
  File "/home/sabry/odoo_base/base_odoo_19/odoo19/odoo19/odoo/cli/command.py", line 133, in main
    command().run(args)
  File "/home/sabry/odoo_base/base_odoo_19/odoo19/odoo19/odoo/cli/shell.py", line 162, in run
    self.shell(dbnames[0])
  File "/home/sabry/odoo_base/base_odoo_19/odoo19/odoo19/odoo/cli/shell.py", line 148, in shell
    self.console(local_vars)
  File "/home/sabry/odoo_base/base_odoo_19/odoo19/odoo19/odoo/cli/shell.py", line 82, in console
    exec(sys.stdin.read(), local_vars)
  File "<string>", line 24, in <module>
  File "/home/sabry/odoo_base/base_odoo_19/odoo19/odoo19/addons/mail/models/mail_thread.py", line 390, in write
    result = super().write(vals)
  File "/home/sabry/odoo_base/base_odoo_19/odoo19/odoo19/enterprise/ai_fields/models/models.py", line 57, in write
    res = super().write(vals)
  File "/home/sabry/odoo_base/base_odoo_19/odoo19/odoo19/odoo/orm/models.py", line 4414, in write
    if self.pool.is_modifying_relations(field):
  File "/home/sabry/odoo_base/base_odoo_19/odoo19/odoo19/odoo/orm/registry.py", line 679, in is_modifying_relations
    result = field in self._field_triggers and bool(
  File "/usr/lib/python3.12/functools.py", line 998, in __get__
    val = self.func(instance)
  File "/home/sabry/odoo_base/base_odoo_19/odoo19/odoo19/odoo/orm/registry.py", line 660, in _field_triggers
    dependencies = list(field.resolve_depends(self))
  File "/home/sabry/odoo_base/base_odoo_19/odoo19/odoo19/odoo/orm/fields.py", line 845, in resolve_depends
    warnings.warn(
 
